exports[`ApplicantScreen-3 1`] = `
<div>
  <div
    className="AutoUI_ui_HeaderBar-12">
    <svg
      height={30}
      viewBox="0 0 960 328"
      width={84}
      xmlns="http://www.w3.org/2000/svg">
      <path
        d="m 932.472,109.99459 0,-8.12996 7.1503,0 c 3.4289,0 5.532,1.47291 5.532,3.94703 0,2.76892 -2.5227,4.18293 -5.8278,4.18293 l -6.8545,0 z m 15.3856,-4.29926 c 0,-3.8307 -3.4255,-6.244154 -8.1098,-6.244154 l -9.8622,0 0,21.558714 2.5864,0 0,-8.65918 6.3713,0 6.9731,8.65918 3.3654,0 -7.3326,-9.07207 c 3.5476,-0.64722 6.0084,-2.70835 6.0084,-6.24249 z m -9.6764,24.79962 c -11.3583,0 -19.8894,-8.77894 -19.8894,-19.61725 0,-10.8383 8.5913,-19.731809 20.0115,-19.731809 11.3582,0 19.8928,8.777176 19.8928,19.615579 0,10.83487 -8.5948,19.73348 -20.0149,19.73348 z m 0.1221,-40.998962 c -12.2026,0 -21.8154,9.717625 -21.8154,21.381712 0,11.66419 9.4959,21.26382 21.6933,21.26382 12.1991,0 21.8188,-9.71763 21.8188,-21.38005 0,-11.662522 -9.4958,-21.265482 -21.6967,-21.265482 z m -327.2965,24.956332 -77.5456,-0.18543 -5.5665,18.86722 28.4825,0.0696 -21.953,74.14786 20.5927,0.051 21.9496,-74.14973 28.4773,0.0696 5.563,-18.86888 z m 16.6084,55.21988 43.4502,0.10261 5.4049,-17.93696 -43.452,-0.10614 5.5699,-19.0004 49.4656,0.11966 5.4117,-18.20657 -69.9242,-0.1668 -27.5108,93.01498 65.0971,-0.17376 5.4134,-18.2049 -44.7812,0.2259 5.8554,-19.66762 z m -137.6902,-49.75104 -14.1424,-13.17415 -38.152,37.22374 -16.6771,-36.55642 -19.0984,10.28556 20.5549,41.12705 -42.0539,40.16994 14.9214,11.99073 35.1203,-35.12045 14.8078,34.46353 19.7759,-8.43524 -19.2308,-40.75071 44.1743,-41.22358 z m -10.4331,49.69371 41.1786,0.0872 5.8451,-17.55768 -41.1804,-0.0892 -5.8433,17.55954 z m 399.0727,-62.28473 -40.1193,71.49469 -33.1806,-70.55934 -29.1669,99.67017 20.677,0 13.5216,-47.26291 27.007,53.08908 31.0018,-52.72558 9.035,46.03168 21.3029,-0.2751 -18.9934,-92.47537 -1.0851,-6.98732 z m -160.6922,66.60927 17.5627,-23.36042 5.4685,23.36042 -23.0312,0 z m 25.5866,-65.48349 0,-0.0304 -73.1485,99.2507 22.204,0 11.783,-15.67354 40.8381,0 3.644,15.55692 20.9315,0 -26.1575,-99.23856 -0.091,0.13476"
        fill={
          Object {
            "color": Array [
              52,
              50,
              59,
            ],
            "model": "rgb",
            "valpha": 1,
          }
        } />
      <path
        d="M 249.2436,153.11201 91.8029,4.8828125e-5 17.8259,72.501145 100.6866,153.70689 0,258.64225 71.8892,328.00005 249.2436,153.11201"
        fill={
          Object {
            "color": Array [
              52,
              50,
              59,
            ],
            "model": "rgb",
            "valpha": 1,
          }
        } />
      <path
        d="m 185.3175,236.64673 72.2044,70.76534 73.9757,-72.49933 -72.2062,-70.76475 -73.9739,72.49874"
        fill={
          Object {
            "color": Array [
              52,
              50,
              59,
            ],
            "model": "rgb",
            "valpha": 1,
          }
        } />
      <path
        d="M 185.9194,70.171973 259.8985,142.67307 331.4976,72.501145 257.5202,4.8828125e-5 185.9194,70.171973"
        fill={
          Object {
            "color": Array [
              52,
              50,
              59,
            ],
            "model": "rgb",
            "valpha": 1,
          }
        } />
    </svg>
  </div>
  <div
    className="AutoUI_ui_ApplicantScreen-15">
    <div>
      <div
        className="AutoUI_ui_Milestones-27">
        <ul
          className="AutoUI_ui_Milestones-33">
          <li
            className="AutoUI_ui_Milestones-42 isCurrent">
            <div
              className="AutoUI_ui_Milestones-92 ">
              <svg
                height="43px"
                viewBox="0 0 37 43"
                width="37px">
                <g
                  fill="none"
                  fillRule="evenodd"
                  stroke="none"
                  strokeLinecap="round"
                  strokeLinejoin="round"
                  strokeWidth="1">
                  <g
                    stroke={
                      Object {
                        "color": Array [
                          255,
                          255,
                          255,
                        ],
                        "model": "rgb",
                        "valpha": 1,
                      }
                    }
                    strokeWidth="2"
                    transform="translate(-269.000000, -1104.000000)">
                    <g
                      transform="translate(0.000000, 823.000000)">
                      <g
                        transform="translate(230.000000, 242.000000)">
                        <g
                          transform="translate(40.000000, 40.000000)">
                          <path
                            d="M29.4146,11.3426 C29.3996,10.8916 28.9376,10.0396 28.6226,9.7316 C28.3076,9.4216 27.9346,9.0576 27.9236,8.7566 C27.9136,8.4566 27.7496,7.8396 27.0136,7.8656 C26.2806,7.8916 26.3086,7.1746 26.0296,6.9006 C25.7516,6.6286 25.4186,5.8666 24.8556,6.1496 C24.2906,6.4346 24.1496,5.4586 23.6406,5.2886 C23.1326,5.1186 22.6916,4.7946 21.9866,5.1586 C21.2826,5.5226 21.2996,4.4856 21.0586,4.2496 C20.8156,4.0126 20.1146,3.9436 19.7706,4.3326 C19.4246,4.7216 18.6946,4.3696 18.3596,4.0426 C18.0256,3.7156 17.1136,3.8056 16.8566,4.0966 C16.5976,4.3876 15.5826,4.5936 15.0806,4.6116 C14.5796,4.6306 13.6206,4.8896 13.6306,5.1536 C13.6386,5.4156 12.1666,6.3736 11.3166,6.6686 C10.4656,6.9606 10.4196,7.6796 10.4376,8.1696 C10.4536,8.6606 9.9236,9.3756 9.3546,10.0176 C8.7866,10.6596 9.1676,10.8166 9.0466,11.4606 C8.9256,12.1066 9.0716,12.1396 8.8486,12.9386 C8.6256,13.7386 9.3886,15.0316 9.3886,15.0316 C9.3886,15.0316 10.5146,15.4056 10.5396,16.1596 C10.5666,16.9116 11.5566,16.5006 11.9516,16.4876 C12.3456,16.4726 13.1066,16.7106 13.9246,17.5096 C14.7406,18.3116 14.8346,17.8916 15.5716,17.4516 C16.3086,17.0106 16.5386,17.4166 17.0226,17.8896 C17.5036,18.3626 18.1476,18.2646 18.5266,17.8376 C18.9056,17.4086 20.1656,17.5146 20.8096,17.4926 C21.4556,17.4706 21.2186,17.8916 20.9236,18.6956 C20.6296,19.4966 21.6176,18.9906 21.9206,18.9786 C22.2246,18.9676 22.2556,19.3076 22.7296,20.0636 C23.2056,20.8196 23.8526,20.8716 24.3546,21.3636 C24.8556,21.8546 25.3526,20.6676 25.9206,20.0256 C26.4896,19.3836 27.2886,19.1296 28.1656,19.0986 C29.0446,19.0666 28.6996,18.4946 28.6836,18.0056 C28.6666,17.5146 28.6466,16.9886 29.0256,16.5606 C29.4056,16.1316 29.7756,15.7146 29.3956,15.3406 C29.0136,14.9676 29.3666,14.5296 29.6946,14.1606 C30.0216,13.7916 29.8696,13.0616 29.4616,12.6606 C29.0536,12.2616 29.4306,11.7946 29.4146,11.3426 Z" />
                          <path
                            d="M31.6473,21.3934 C34.1223,17.1314 34.5023,16.4754 33.5213,9.6824 C31.7843,-2.3326 4.9933,-4.8146 3.6533,11.7634 C3.4843,13.3154 2.6563,17.7294 0.8903,19.4944 C0.3033,20.0824 -0.2007,20.7204 0.0803,21.4104 C0.5183,22.4844 1.8383,21.9844 2.9113,22.2174 C2.8503,22.7804 2.4943,24.4034 2.4943,24.5544 C2.4943,25.1144 2.8363,25.4864 3.5113,25.6614 C3.0823,26.3504 2.8043,26.8224 3.4563,27.4764 C3.7053,27.7264 3.8203,27.8394 3.8203,29.4304 C3.8203,31.6654 5.9723,32.6944 7.7853,32.4054 C10.8033,31.9474 10.4853,32.3234 11.7313,33.6814 C13.8843,36.0354 12.5813,38.0404 13.3263,39.9404 L13.4203,40.1864 L27.9003,35.9004 C26.9863,28.7314 30.3643,23.6024 31.6473,21.3934 Z" />
                        </g>
                      </g>
                    </g>
                  </g>
                </g>
              </svg>
            </div>
            <span
              className="AutoUI_ui_Milestones-127 AutoUI_typo-157 AutoUI_typo-53 AutoUI_typo-46">
              Level 1
            </span>
          </li>
          <li
            className="AutoUI_ui_Milestones-42 ">
            <div
              className="AutoUI_ui_Milestones-92 ">
              <svg
                height="43px"
                viewBox="0 0 30 43"
                width="30px">
                <g
                  fill="none"
                  fillRule="evenodd"
                  stroke="none"
                  strokeLinecap="round"
                  strokeLinejoin="round"
                  strokeWidth="1">
                  <g
                    stroke={
                      Object {
                        "color": Array [
                          52,
                          50,
                          59,
                        ],
                        "model": "rgb",
                        "valpha": 1,
                      }
                    }
                    strokeWidth="2"
                    transform="translate(-929.000000, -1363.000000)">
                    <g
                      transform="translate(0.000000, 823.000000)">
                      <g
                        transform="translate(890.000000, 502.000000)">
                        <g
                          transform="translate(40.000000, 39.000000)">
                          <path
                            d="M24.0924075,32.0243367 L25.9267191,38.5587291 C26.3906698,39.9139767 24.5652073,41 22.8876528,41 L5.0944503,41 C3.41436745,41 1.67234024,39.9778604 2.05285562,38.5587291 L3.88716729,32" />
                          <path
                            d="M28,14.9993443 C28,23.2832102 21.7309962,30 13.999388,30 C6.26777987,30 0,23.2832102 0,14.9993443 C0,6.71416707 6.26777987,0 13.999388,0 C21.7309962,0 28,6.71416707 28,14.9993443 Z" />
                          <path
                            d="M20,14.9992522 C20,18.313723 17.3152187,21 14.0007478,21 C10.686277,21 8,18.313723 8,14.9992522 C8,11.6847813 10.686277,9 14.0007478,9 C17.3152187,9 20,11.6847813 20,14.9992522 Z" />
                        </g>
                      </g>
                    </g>
                  </g>
                </g>
              </svg>
            </div>
            <span
              className="AutoUI_ui_Milestones-127 AutoUI_typo-157 AutoUI_typo-53 AutoUI_typo-46">
              Level 2
            </span>
          </li>
          <li
            className="AutoUI_ui_Milestones-42 ">
            <div
              className="AutoUI_ui_Milestones-92 ">
              <svg
                height="36px"
                viewBox="0 0 37 36"
                width="37px">
                <g
                  fill="none"
                  fillRule="evenodd"
                  stroke="none"
                  strokeLinecap="round"
                  strokeLinejoin="round"
                  strokeWidth="1">
                  <g
                    stroke={
                      Object {
                        "color": Array [
                          52,
                          50,
                          59,
                        ],
                        "model": "rgb",
                        "valpha": 1,
                      }
                    }
                    strokeWidth="2"
                    transform="translate(-269.000000, -1671.000000)">
                    <g
                      transform="translate(0.000000, 823.000000)">
                      <g
                        transform="translate(230.000000, 805.000000)">
                        <g
                          transform="translate(40.000000, 44.000000)">
                          <path
                            d="M8,8 L28,8" />
                          <path
                            d="M8,16 L28,16" />
                          <polygon
                            points="35 -8.8817842e-16 0 -8.8817842e-16 0 26.3225806 19.4234914 26.3225806 19.4234914 34 27.8265841 26.3225806 35 26.3225806" />
                        </g>
                      </g>
                    </g>
                  </g>
                </g>
              </svg>
            </div>
            <span
              className="AutoUI_ui_Milestones-127 AutoUI_typo-157 AutoUI_typo-53 AutoUI_typo-46">
              Level 3
            </span>
          </li>
        </ul>
      </div>
      <div
        className="AutoUI_ui_MilestonesScreen-25">
        <div
          className="AutoUI_ui_MilestonesScreen-48">
          <div
            className="AutoUI_ui_MilestonesScreen-60">
            <section
              className="AutoUI_ui_Text-27">
              <h1
                className="undefined AutoUI_typo-91 AutoUI_typo-53 AutoUI_typo-22">
                So it begins.
              </h1>
              <div
                className="AutoUI_ui_Text-41 AutoUI_typo-168 AutoUI_typo-53 AutoUI_typo-40">
                Let’s kick things off with a warmup. To proceed, click the button below to download a short programming challenge. You can bookmark this page for later access.
              </div>
            </section>
            <div>
              <button
                className=" AutoUI_ui_Button-66 AutoUI_ui_Button-28 AutoUI_ui_Button-93 ">
                <span
                  className="AutoUI_ui_Button-42 AutoUI_typo-157 AutoUI_typo-53 AutoUI_typo-46">
                  Click here to go to next step
                </span>
              </button>
            </div>
          </div>
        </div>
      </div>
    </div>
  </div>
</div>
`;
