exports[`ApplicantBadge-11 1`] = `
<div
  className="AutoUI_ApplicantBadge-25">
  <img
    alt="avatar"
    src="https://www.gravatar.com/avatar/61a58e425da620d1f4839c6af03ce70f?s=64" />
  <div
    className="AutoUI_ApplicantBadge-34">
    
    <div
      className="AutoUI_ApplicantBadge-48">
      sionlyngle-email@x-team.com
    </div>
  </div>
</div>
`;
