exports[`ApplicantGrid-5 1`] = `
<div
  className="AutoUI_ui_ApplicantGrid-16"
  data-test="applicants"
  tabIndex={0} />
`;
