exports[`Avatar-9 1`] = `
<div
  className="AutoUI_ui_Avatar-15">
  <img
    alt=""
    className="AutoUI_ui_Avatar-21"
    height={64}
    width={64} />
</div>
`;
