exports[`Button-29 1`] = `
<button
  className=" AutoUI_Button-79 AutoUI_Button-28 AutoUI_Button-101 ">
  <span>
    Regular button with no props
  </span>
</button>
`;
