exports[`Button-7 1`] = `
<button
  className=" AutoUI_Button-66 AutoUI_Button-28 AutoUI_Button-90 ">
  <span
    className="AutoUI_Button-42 AutoUI_typo-141 AutoUI_typo-53 AutoUI_typo-46">
    Normal size
  </span>
</button>
`;
