exports[`Button-49 1`] = `
<button
  className=" AutoUI_ui_Button-72 AutoUI_ui_Button-34 AutoUI_ui_Button-123 ">
  <span
    className="AutoUI_ui_Button-48 AutoUI_typo-159 AutoUI_typo-53 AutoUI_typo-46">
    Regular button with no props
  </span>
</button>
`;
