exports[`Button-3 1`] = `
<button
  className=" AutoUI_ui_Button-47 AutoUI_ui_Button-28 AutoUI_ui_Button-93 ">
  <span
    className="AutoUI_ui_Button-42 AutoUI_typo-141 AutoUI_typo-53 AutoUI_typo-46">
    Normal state with monochrome color
  </span>
</button>
`;
