exports[`CollapsibleSection-5 1`] = `
<section
  className="AutoUI_CollapsibleSection-57 AutoUI_typo-21 AutoUI_typo-15 AutoUI_CollapsibleSection-24 AutoUI_CollapsibleSection-26">
  <h1
    className="AutoUI_CollapsibleSection-72 AutoUI_typo-39 AutoUI_typo-15 AutoUI_CollapsibleSection-28 AutoUI_CollapsibleSection-26">
    Consectetur suscipit alias velit magni tenetur veritatis sed fuga
  </h1>
  <div
    className="AutoUI_CollapsibleSection-92">
    <div
      className="AutoUI_CollapsibleSection-108">
      <p>
        This paragraph is always visible. Ipsa recusandae sequi, dicta laboriosam rerum ad ex voluptatibus nostrum fugiat.
      </p>
    </div>
  </div>
</section>
`;
