exports[`CollapsibleSection-3 1`] = `
<section
  className="AutoUI_ui_CollapsibleSection-33 AutoUI_typo-168 AutoUI_typo-53 AutoUI_typo-40 AutoUI_ui_CollapsibleSection-30">
  <h1
    className="AutoUI_ui_CollapsibleSection-47 AutoUI_typo-105 AutoUI_typo-53 AutoUI_typo-34 AutoUI_ui_CollapsibleSection-30">
    Consectetur suscipit alias velit magni tenetur veritatis sed fuga
  </h1>
  <div
    className="AutoUI_ui_CollapsibleSection-64">
    <svg
      height="20px"
      viewBox="0 0 20 20"
      width="20px">
      <g
        fill="none"
        fillRule="evenodd"
        stroke="none"
        strokeWidth="1">
        <g
          fill={
            Object {
              "color": Array [
                246,
                57,
                84,
              ],
              "model": "rgb",
              "valpha": 1,
            }
          }
          transform="translate(-1191.000000, -1411.000000)">
          <g
            transform="translate(387.000000, 933.000000)">
            <g
              transform="translate(0.000000, 470.000000)">
              <path
                d="M813,17 L804,17 L804,19 L813,19 L813,28 L815,28 L815,19 L824,19 L824,17 L815,17 L815,8 L813,8 L813,17 Z" />
            </g>
          </g>
        </g>
      </g>
    </svg>
  </div>
  <div
    className="AutoUI_ui_CollapsibleSection-78" />
</section>
`;
