exports[`Copy-13 1`] = `
<div
  className="AutoUI_Copy-19 AutoUI_Copy-76">
  <div
    className="AutoUI_Copy-52 AutoUI_typo-20 AutoUI_typo-14">
    Many developers who came before you started right here and went on to do some of the best work of their career. That same opportunity begins now for you.
  </div>
</div>
`;
