exports[`InputField-11 1`] = `
<div>
  <input
    aria-labelledby=""
    className="AutoUI_typo-179 AutoUI_typo-53 AutoUI_typo-40 AutoUI_forms_InputField-81"
    type="text" />
</div>
`;
