exports[`ListsEditor-5 1`] = `
<div
  className="AutoUI_ui_ListsEditor-42">
  <h1
    className="AutoUI_ui_ListsEditor-47 AutoUI_typo-105 AutoUI_typo-53 AutoUI_typo-34">
    Edit 
    Collection
  </h1>
  <section
    className="AutoUI_ui_Tabs_Tabs-15 AutoUI_typo-181 AutoUI_typo-53 AutoUI_typo-40 AutoUI_ui_ListsEditor-76">
    <nav
      className="AutoUI_ui_Tabs_Tabs-22">
      <ul
        className="AutoUI_ui_Tabs_Tabs-29"
        role="tablist">
        <li
          className="AutoUI_ui_Tabs_Tabs-51 active"
          role="presentation">
          <a
            aria-controls="tabs-pane-0"
            aria-selected={true}
            href=""
            role="tab"
            tabIndex={1}>
            Active
          </a>
          <div
            className="AutoUI_ui_Tabs_Tabs-37 active" />
        </li>
        <li
          className="AutoUI_ui_Tabs_Tabs-51 "
          role="presentation">
          <a
            aria-controls="tabs-pane-1"
            aria-selected={false}
            href=""
            role="tab"
            tabIndex={2}>
            Archive
          </a>
          <div
            className="AutoUI_ui_Tabs_Tabs-37 " />
        </li>
      </ul>
    </nav>
    <div
      className="AutoUI_ui_Tabs_Tabs-107 AutoUI_typo-181 AutoUI_typo-53 AutoUI_typo-40">
      <div
        aria-hidden="false"
        aria-labelledby="tabs-tab-0"
        className="AutoUI_ui_Tabs_Tabs-111"
        role="tabpanel">
        <div>
          <div
            className="AutoUI_ui_ListsEditor-54">
            <div
              className="AutoUI_ui_SelectBox-17"
              style={
                Object {
                  "width": "100%",
                }
              }>
              <div>
                <div
                  className="AutoUI_ui_SelectBox-77">
                  <div
                    className="AutoUI_ui_SelectBox-86">
                    <svg
                      height="17px"
                      viewBox="0 0 16 17"
                      width="16px">
                      <g
                        fill="none"
                        fillRule="evenodd"
                        stroke="none"
                        strokeWidth="1">
                        <circle
                          cx="7.5"
                          cy="7.5"
                          r="6.5"
                          stroke={
                            Object {
                              "color": Array [
                                178,
                                182,
                                188,
                              ],
                              "model": "rgb",
                              "valpha": 1,
                            }
                          } />
                        <path
                          d="M11.7538745,12.6062275 L15.5,16.5"
                          stroke={
                            Object {
                              "color": Array [
                                178,
                                182,
                                188,
                              ],
                              "model": "rgb",
                              "valpha": 1,
                            }
                          }
                          strokeLinecap="square" />
                      </g>
                    </svg>
                  </div>
                  <div>
                    <input
                      aria-labelledby="label-search"
                      autoComplete="off"
                      className="AutoUI_typo-181 AutoUI_typo-53 AutoUI_typo-40 AutoUI_forms_InputField-87 AutoUI_ui_SelectBox-81"
                      id="search"
                      name="search"
                      placeholder="Search"
                      required={false}
                      type="text"
                      value="" />
                  </div>
                </div>
                <ul
                  className="AutoUI_ui_SelectBox-136 expanded"
                  style={
                    Object {
                      "height": "420px",
                      "maxHeight": "420px",
                      "width": "100%",
                    }
                  }>
                  
                </ul>
              </div>
            </div>
            <div
              className="AutoUI_ui_ListsEditor-55">
              <div />
              <button
                className="AutoUI_ui_ListsEditor-71 AutoUI_ui_Button-72 AutoUI_ui_Button-34 AutoUI_ui_Button-123 AutoUI_ui_Button-133">
                <span
                  className="AutoUI_ui_Button-48 AutoUI_typo-159 AutoUI_typo-53 AutoUI_typo-46">
                  Save
                </span>
              </button>
            </div>
          </div>
        </div>
      </div>
    </div>
  </section>
</div>
`;
