exports[`Loader-0 1`] = `
<img
  alt="Loading..."
  className=""
  src="6f647ce328b13c96401708c6fcbdb237.gif" />
`;
