exports[`Milestones-3 1`] = `
<ul
  className="AutoUI_ui_Milestones-27">
  <li
    className="AutoUI_ui_Milestones-36 isCurrent">
    <div
      className="AutoUI_ui_Milestones-86">
      <svg
        height="43px"
        viewBox="0 0 30 43"
        width="30px">
        <g
          fill="none"
          fillRule="evenodd"
          stroke="none"
          strokeLinecap="round"
          strokeLinejoin="round"
          strokeWidth="1">
          <g
            stroke={
              Object {
                "color": Array [
                  255,
                  255,
                  255,
                ],
                "model": "rgb",
                "valpha": 1,
              }
            }
            strokeWidth="2"
            transform="translate(-929.000000, -1363.000000)">
            <g
              transform="translate(0.000000, 823.000000)">
              <g
                transform="translate(890.000000, 502.000000)">
                <g
                  transform="translate(40.000000, 39.000000)">
                  <path
                    d="M24.0924075,32.0243367 L25.9267191,38.5587291 C26.3906698,39.9139767 24.5652073,41 22.8876528,41 L5.0944503,41 C3.41436745,41 1.67234024,39.9778604 2.05285562,38.5587291 L3.88716729,32" />
                  <path
                    d="M28,14.9993443 C28,23.2832102 21.7309962,30 13.999388,30 C6.26777987,30 0,23.2832102 0,14.9993443 C0,6.71416707 6.26777987,0 13.999388,0 C21.7309962,0 28,6.71416707 28,14.9993443 Z" />
                  <path
                    d="M20,14.9992522 C20,18.313723 17.3152187,21 14.0007478,21 C10.686277,21 8,18.313723 8,14.9992522 C8,11.6847813 10.686277,9 14.0007478,9 C17.3152187,9 20,11.6847813 20,14.9992522 Z" />
                </g>
              </g>
            </g>
          </g>
        </g>
      </svg>
    </div>
    <span
      className="AutoUI_ui_Milestones-122 AutoUI_typo-141 AutoUI_typo-53 AutoUI_typo-46">
      Webcam
    </span>
  </li>
  <li
    className="AutoUI_ui_Milestones-36 ">
    <div
      className="AutoUI_ui_Milestones-86">
      <svg
        height="36px"
        viewBox="0 0 37 36"
        width="37px">
        <g
          fill="none"
          fillRule="evenodd"
          stroke="none"
          strokeLinecap="round"
          strokeLinejoin="round"
          strokeWidth="1">
          <g
            stroke={
              Object {
                "color": Array [
                  52,
                  50,
                  59,
                ],
                "model": "rgb",
                "valpha": 1,
              }
            }
            strokeWidth="2"
            transform="translate(-269.000000, -1671.000000)">
            <g
              transform="translate(0.000000, 823.000000)">
              <g
                transform="translate(230.000000, 805.000000)">
                <g
                  transform="translate(40.000000, 44.000000)">
                  <path
                    d="M8,8 L28,8" />
                  <path
                    d="M8,16 L28,16" />
                  <polygon
                    points="35 -8.8817842e-16 0 -8.8817842e-16 0 26.3225806 19.4234914 26.3225806 19.4234914 34 27.8265841 26.3225806 35 26.3225806" />
                </g>
              </g>
            </g>
          </g>
        </g>
      </svg>
    </div>
    <span
      className="AutoUI_ui_Milestones-122 AutoUI_typo-141 AutoUI_typo-53 AutoUI_typo-46">
      Message
    </span>
  </li>
  <li
    className="AutoUI_ui_Milestones-36 ">
    <div
      className="AutoUI_ui_Milestones-86">
      <svg
        height="43px"
        viewBox="0 0 37 43"
        width="37px">
        <g
          fill="none"
          fillRule="evenodd"
          stroke="none"
          strokeLinecap="round"
          strokeLinejoin="round"
          strokeWidth="1">
          <g
            stroke={
              Object {
                "color": Array [
                  52,
                  50,
                  59,
                ],
                "model": "rgb",
                "valpha": 1,
              }
            }
            strokeWidth="2"
            transform="translate(-269.000000, -1104.000000)">
            <g
              transform="translate(0.000000, 823.000000)">
              <g
                transform="translate(230.000000, 242.000000)">
                <g
                  transform="translate(40.000000, 40.000000)">
                  <path
                    d="M29.4146,11.3426 C29.3996,10.8916 28.9376,10.0396 28.6226,9.7316 C28.3076,9.4216 27.9346,9.0576 27.9236,8.7566 C27.9136,8.4566 27.7496,7.8396 27.0136,7.8656 C26.2806,7.8916 26.3086,7.1746 26.0296,6.9006 C25.7516,6.6286 25.4186,5.8666 24.8556,6.1496 C24.2906,6.4346 24.1496,5.4586 23.6406,5.2886 C23.1326,5.1186 22.6916,4.7946 21.9866,5.1586 C21.2826,5.5226 21.2996,4.4856 21.0586,4.2496 C20.8156,4.0126 20.1146,3.9436 19.7706,4.3326 C19.4246,4.7216 18.6946,4.3696 18.3596,4.0426 C18.0256,3.7156 17.1136,3.8056 16.8566,4.0966 C16.5976,4.3876 15.5826,4.5936 15.0806,4.6116 C14.5796,4.6306 13.6206,4.8896 13.6306,5.1536 C13.6386,5.4156 12.1666,6.3736 11.3166,6.6686 C10.4656,6.9606 10.4196,7.6796 10.4376,8.1696 C10.4536,8.6606 9.9236,9.3756 9.3546,10.0176 C8.7866,10.6596 9.1676,10.8166 9.0466,11.4606 C8.9256,12.1066 9.0716,12.1396 8.8486,12.9386 C8.6256,13.7386 9.3886,15.0316 9.3886,15.0316 C9.3886,15.0316 10.5146,15.4056 10.5396,16.1596 C10.5666,16.9116 11.5566,16.5006 11.9516,16.4876 C12.3456,16.4726 13.1066,16.7106 13.9246,17.5096 C14.7406,18.3116 14.8346,17.8916 15.5716,17.4516 C16.3086,17.0106 16.5386,17.4166 17.0226,17.8896 C17.5036,18.3626 18.1476,18.2646 18.5266,17.8376 C18.9056,17.4086 20.1656,17.5146 20.8096,17.4926 C21.4556,17.4706 21.2186,17.8916 20.9236,18.6956 C20.6296,19.4966 21.6176,18.9906 21.9206,18.9786 C22.2246,18.9676 22.2556,19.3076 22.7296,20.0636 C23.2056,20.8196 23.8526,20.8716 24.3546,21.3636 C24.8556,21.8546 25.3526,20.6676 25.9206,20.0256 C26.4896,19.3836 27.2886,19.1296 28.1656,19.0986 C29.0446,19.0666 28.6996,18.4946 28.6836,18.0056 C28.6666,17.5146 28.6466,16.9886 29.0256,16.5606 C29.4056,16.1316 29.7756,15.7146 29.3956,15.3406 C29.0136,14.9676 29.3666,14.5296 29.6946,14.1606 C30.0216,13.7916 29.8696,13.0616 29.4616,12.6606 C29.0536,12.2616 29.4306,11.7946 29.4146,11.3426 Z" />
                  <path
                    d="M31.6473,21.3934 C34.1223,17.1314 34.5023,16.4754 33.5213,9.6824 C31.7843,-2.3326 4.9933,-4.8146 3.6533,11.7634 C3.4843,13.3154 2.6563,17.7294 0.8903,19.4944 C0.3033,20.0824 -0.2007,20.7204 0.0803,21.4104 C0.5183,22.4844 1.8383,21.9844 2.9113,22.2174 C2.8503,22.7804 2.4943,24.4034 2.4943,24.5544 C2.4943,25.1144 2.8363,25.4864 3.5113,25.6614 C3.0823,26.3504 2.8043,26.8224 3.4563,27.4764 C3.7053,27.7264 3.8203,27.8394 3.8203,29.4304 C3.8203,31.6654 5.9723,32.6944 7.7853,32.4054 C10.8033,31.9474 10.4853,32.3234 11.7313,33.6814 C13.8843,36.0354 12.5813,38.0404 13.3263,39.9404 L13.4203,40.1864 L27.9003,35.9004 C26.9863,28.7314 30.3643,23.6024 31.6473,21.3934 Z" />
                </g>
              </g>
            </g>
          </g>
        </g>
      </svg>
    </div>
    <span
      className="AutoUI_ui_Milestones-122 AutoUI_typo-141 AutoUI_typo-53 AutoUI_typo-46">
      Head
    </span>
  </li>
  <li
    className="AutoUI_ui_Milestones-36 ">
    <div
      className="AutoUI_ui_Milestones-86">
      <svg
        height="39px"
        viewBox="0 0 42 39"
        width="42px">
        <g
          fill="none"
          fillRule="evenodd"
          stroke="none"
          strokeLinecap="round"
          strokeLinejoin="round"
          strokeWidth="1">
          <g
            stroke={
              Object {
                "color": Array [
                  52,
                  50,
                  59,
                ],
                "model": "rgb",
                "valpha": 1,
              }
            }
            strokeWidth="2"
            transform="translate(-270.000000, -2228.000000)">
            <g
              transform="translate(0.000000, 823.000000)">
              <g
                transform="translate(230.000000, 1367.000000)">
                <g
                  transform="translate(41.000000, 39.000000)">
                  <polygon
                    points="20 37 40 12.2504334 32.308 0 20 0 7.692 0 0 12.2504334" />
                  <path
                    d="M0,12 L40,12" />
                  <polyline
                    points="19 0 12 12.2504334 19 37" />
                  <polyline
                    points="20 0 27 12.2504334 20 37" />
                  <path
                    d="M27,12 L32,0" />
                  <path
                    d="M12,12 L7,0" />
                </g>
              </g>
            </g>
          </g>
        </g>
      </svg>
    </div>
    <span
      className="AutoUI_ui_Milestones-122 AutoUI_typo-141 AutoUI_typo-53 AutoUI_typo-46">
      Diamond
    </span>
  </li>
</ul>
`;
