exports[`MilestonesScreen-1 1`] = `
<div>
  <div
    className="AutoUI_ui_Milestones-27">
    <ul
      className="AutoUI_ui_Milestones-33">
      <li
        className="AutoUI_ui_Milestones-42 isCurrent">
        <div
          className="AutoUI_ui_Milestones-92 ">
          <svg
            height="26px"
            viewBox="0 0 26 26"
            width="26px">
            <g
              fill="none"
              fillRule="evenodd"
              stroke="none"
              strokeLinecap="round"
              strokeLinejoin="round"
              strokeWidth="1">
              <g
                className="AutoUI_ui_SvgIcon-25 AutoUI_ui_SvgIcon-52"
                strokeWidth="2"
                transform="translate(-402.000000, -198.000000)">
                <g
                  transform="translate(392.000000, 186.000000)">
                  <g
                    transform="translate(11.000000, 13.000000)">
                    <path
                      className="AutoUI_ui_SvgIcon-25 AutoUI_ui_SvgIcon-52"
                      d="M20.6328668,14.0832105 L23.8832754,13.6579955 C24.0358928,12.5546655 24.0418946,11.4881989 23.8832754,10.3420045 L20.6328668,9.91678949 C20.413372,9.00463477 20.0541208,8.14991836 19.5782631,7.3723579 L21.5768657,4.77134527 C20.9080926,3.88576649 20.1184259,3.09620398 19.2327303,2.42666184 L16.6322319,4.42500081 C15.8537115,3.94749124 14.9980249,3.58743017 14.0857498,3.36796437 L13.6604787,0.117127232 C12.5312811,-0.0397565223 11.4655312,-0.0380419458 10.3449076,0.116269944 L9.91963653,3.3653925 C9.00564666,3.5848583 8.14910269,3.94491938 7.36886743,4.42157166 L4.76836905,2.42323269 C3.91868428,3.06448432 3.10843998,3.86176241 2.42423368,4.76534425 L4.42283629,7.36549959 C3.94440632,8.14563192 3.58344034,9.00292019 3.36394559,9.91764678 L0.113536964,10.3428618 C-0.0322212701,11.3973263 -0.043367488,12.5238031 0.113536964,13.6571382 L3.36394559,14.0823532 C3.58344034,14.9970798 3.94440632,15.8543681 4.42283629,16.6345004 L2.42423368,19.2346557 C3.06642731,20.0833711 3.8638106,20.8935086 4.76836905,21.5767673 L7.36886743,19.5784283 C8.14910269,20.0559379 9.00564666,20.4151417 9.91963653,20.6346075 L10.3449076,23.8837301 C11.4655312,24.0380419 12.5312811,24.0397565 13.6604787,23.8828728 L14.0857498,20.6320356 C14.9980249,20.4125698 15.8537115,20.0525088 16.6322319,19.5749992 L19.2327303,21.5733382 C20.1184259,20.903796 20.9080926,20.1142335 21.5768657,19.2286547 L19.5782631,16.6276421 C20.0541208,15.8500816 20.413372,14.9953652 20.6328668,14.0832105 Z" />
                    <path
                      className="AutoUI_ui_SvgIcon-25 AutoUI_ui_SvgIcon-52"
                      d="M16,12 C16,14.2091049 14.2092777,16 12.0003858,16 C9.79072235,16 8,14.2091049 8,12 C8,9.79089506 9.79072235,8 12.0003858,8 C14.2092777,8 16,9.79089506 16,12 Z" />
                  </g>
                </g>
              </g>
            </g>
          </svg>
        </div>
        <span
          className="AutoUI_ui_Milestones-127 AutoUI_typo-159 AutoUI_typo-53 AutoUI_typo-46">
          Level 1
        </span>
      </li>
      <li
        className="AutoUI_ui_Milestones-42 ">
        <div
          className="AutoUI_ui_Milestones-92 ">
          <svg
            height="43px"
            viewBox="0 0 30 43"
            width="30px">
            <g
              fill="none"
              fillRule="evenodd"
              stroke="none"
              strokeLinecap="round"
              strokeLinejoin="round"
              strokeWidth="1">
              <g
                className="AutoUI_ui_SvgIcon-30 AutoUI_ui_SvgIcon-57"
                strokeWidth="2"
                transform="translate(-929.000000, -1363.000000)">
                <g
                  transform="translate(0.000000, 823.000000)">
                  <g
                    transform="translate(890.000000, 502.000000)">
                    <g
                      transform="translate(40.000000, 39.000000)">
                      <path
                        d="M24.0924075,32.0243367 L25.9267191,38.5587291 C26.3906698,39.9139767 24.5652073,41 22.8876528,41 L5.0944503,41 C3.41436745,41 1.67234024,39.9778604 2.05285562,38.5587291 L3.88716729,32" />
                      <path
                        d="M28,14.9993443 C28,23.2832102 21.7309962,30 13.999388,30 C6.26777987,30 0,23.2832102 0,14.9993443 C0,6.71416707 6.26777987,0 13.999388,0 C21.7309962,0 28,6.71416707 28,14.9993443 Z" />
                      <path
                        d="M20,14.9992522 C20,18.313723 17.3152187,21 14.0007478,21 C10.686277,21 8,18.313723 8,14.9992522 C8,11.6847813 10.686277,9 14.0007478,9 C17.3152187,9 20,11.6847813 20,14.9992522 Z" />
                    </g>
                  </g>
                </g>
              </g>
            </g>
          </svg>
        </div>
        <span
          className="AutoUI_ui_Milestones-127 AutoUI_typo-159 AutoUI_typo-53 AutoUI_typo-46">
          Level 2
        </span>
      </li>
      <li
        className="AutoUI_ui_Milestones-42 ">
        <div
          className="AutoUI_ui_Milestones-92 ">
          <svg
            height="36px"
            viewBox="0 0 37 36"
            width="37px">
            <g
              fill="none"
              fillRule="evenodd"
              stroke="none"
              strokeLinecap="round"
              strokeLinejoin="round"
              strokeWidth="1">
              <g
                className="AutoUI_ui_SvgIcon-30 AutoUI_ui_SvgIcon-57"
                strokeWidth="2"
                transform="translate(-269.000000, -1671.000000)">
                <g
                  transform="translate(0.000000, 823.000000)">
                  <g
                    transform="translate(230.000000, 805.000000)">
                    <g
                      transform="translate(40.000000, 44.000000)">
                      <path
                        d="M8,8 L28,8" />
                      <path
                        d="M8,16 L28,16" />
                      <polygon
                        points="35 -8.8817842e-16 0 -8.8817842e-16 0 26.3225806 19.4234914 26.3225806 19.4234914 34 27.8265841 26.3225806 35 26.3225806" />
                    </g>
                  </g>
                </g>
              </g>
            </g>
          </svg>
        </div>
        <span
          className="AutoUI_ui_Milestones-127 AutoUI_typo-159 AutoUI_typo-53 AutoUI_typo-46">
          Level 3
        </span>
      </li>
    </ul>
  </div>
  <div
    className="AutoUI_ui_MilestonesScreen-25">
    <div
      className="AutoUI_ui_MilestonesScreen-48">
      <div
        className="AutoUI_ui_MilestonesScreen-60">
        <section
          className="AutoUI_ui_Text-29">
          <h1
            className="undefined AutoUI_typo-91 AutoUI_typo-53 AutoUI_typo-22">
            First step
          </h1>
          <div
            className="AutoUI_ui_Text-43 AutoUI_typo-170 AutoUI_typo-53 AutoUI_typo-40">
            Lorem ipsum dolor sit amet, consectetur adipisicing elit. Saepe illo error hic, nemo nostrum iusto recusandae repudiandae eum doloremque necessitatibus doloribus? Provident perferendis illo totam ipsum ut sapiente, assumenda quasi!
          </div>
        </section>
        <div>
          <button
            className=" AutoUI_ui_Button-72 AutoUI_ui_Button-34 AutoUI_ui_Button-123 ">
            <span
              className="AutoUI_ui_Button-48 AutoUI_typo-159 AutoUI_typo-53 AutoUI_typo-46">
              Go to the step 2
            </span>
          </button>
        </div>
      </div>
    </div>
  </div>
</div>
`;
