exports[`NotesFeedLayout-6 1`] = `
<div
  className="AutoUI_ui_NotesFeedLayout-22" />
`;
