exports[`PageTitle-2 1`] = `
<div
  className="AutoUI_PageTitle-20">
  <h1
    className="AutoUI_typo-27 AutoUI_typo-15">
    With a Subheading.
  </h1>
  <h2
    className="AutoUI_PageTitle-35">
    Here is the subheading.
  </h2>
</div>
`;
