exports[`PencilButton-7 1`] = `
<span
  className="AutoUI_ui_PencilButton-12 AutoUI_ui_PencilButton-21"
  role="button">
  <svg
    height="14px"
    viewBox="0 0 14 14"
    width="14px">
    <g
      fill="none"
      fillRule="evenodd"
      stroke="none"
      strokeWidth="1">
      <path
        className="AutoUI_ui_SvgIcon-89 AutoUI_ui_SvgIcon-101"
        d="M0,11.0444749 L0,14.0000305 L2.95555556,14.0000305 L11.5111111,5.36669717 L8.55555556,2.41114161 L0,11.0444749 Z M13.7666667,3.11114161 C14.0777778,2.8000305 14.0777778,2.33336383 13.7666667,2.02225272 L11.9777778,0.233333333 C11.6666667,-0.0777777778 11.2,-0.0777777778 10.8888889,0.233333333 L9.48888889,1.63333333 L12.4444444,4.58888889 L13.7666667,3.11114161 Z"
        fillRule="nonzero" />
    </g>
  </svg>
</span>
`;
