exports[`SolutionForm-2 1`] = `
<div
  className="AutoUI_SolutionForm_index-24 AutoUI_SolutionForm_index-31">
  <div
    className="AutoUI_SolutionForm_Title-17">
    <h1
      className="AutoUI_typo-27 AutoUI_typo-15">
      Got it?
    </h1>
    <h2
      className="AutoUI_SolutionForm_Title-24">
      Paste the solution below. You get 5 chances.
    </h2>
  </div>
  <form
    className="AutoUI_SolutionForm_index-24 AutoUI_SolutionForm_index-40">
    <textarea
      className="AutoUI_SolutionForm_index-25 AutoUI_SolutionForm_index-48"
      name="solution"
      placeholder="Solution" />
    <button
      className="AutoUI_SolutionForm_index-25 AutoUI_SolutionForm_index-26 AutoUI_SolutionForm_index-64"
      disabled={false}>
      Submit (0 of 5 attempts)
    </button>
  </form>
</div>
`;
