exports[`Tabs-2 1`] = `
<section
  className="AutoUI_ui_Tabs_Tabs-15 AutoUI_typo-179 AutoUI_typo-53 AutoUI_typo-40">
  <nav
    className="AutoUI_ui_Tabs_Tabs-22">
    <ul
      className="AutoUI_ui_Tabs_Tabs-29"
      role="tablist">
      <li
        className="AutoUI_ui_Tabs_Tabs-51 active"
        role="presentation">
        <a
          aria-controls="tabs-pane-0"
          aria-selected={true}
          href=""
          role="tab"
          tabIndex={0}>
          Tab 1
        </a>
        <div
          className="AutoUI_ui_Tabs_Tabs-37 active" />
      </li>
      <li
        className="AutoUI_ui_Tabs_Tabs-51 "
        role="presentation">
        <a
          aria-controls="tabs-pane-1"
          aria-selected={false}
          href=""
          role="tab"
          tabIndex={1}>
          Tab 2
        </a>
        <div
          className="AutoUI_ui_Tabs_Tabs-37 " />
      </li>
      <li
        className="AutoUI_ui_Tabs_Tabs-51 "
        role="presentation">
        <a
          aria-controls="tabs-pane-2"
          aria-selected={false}
          href=""
          role="tab"
          tabIndex={2}>
          Tab 3
        </a>
        <div
          className="AutoUI_ui_Tabs_Tabs-37 " />
      </li>
    </ul>
  </nav>
  <div
    className="AutoUI_ui_Tabs_Tabs-107 AutoUI_typo-179 AutoUI_typo-53 AutoUI_typo-40">
    <div
      aria-hidden="false"
      aria-labelledby="tabs-tab-0"
      className="AutoUI_ui_Tabs_Tabs-111"
      role="tabpanel">
      <div>
        <div>
          Tab 1 Content
        </div>
      </div>
    </div>
  </div>
</section>
`;
