exports[`Text-15 1`] = `
<section
  className="AutoUI_Text-21">
  <div
    className="AutoUI_Text-47 AutoUI_typo-21 AutoUI_typo-15 AutoUI_Text-77 AutoUI_typo-53">
    Many developers who came before you started right here and went on to do some of the best work of their career. That same opportunity begins now for you.
  </div>
</section>
`;
