exports[`TextareaEditor-5 1`] = `
<div
  className="AutoUI_ui_TextareaEditor_TextareaEditor-35 AutoUI_typo-40 AutoUI_ui_TextareaEditor_TextareaEditor-68">
  <div>
    <div
      className="AutoUI_ui_TextareaEditor_TextareaEditor-38">
      <div
        className="editable" />
    </div>
    <div
      className="AutoUI_ui_TextareaEditor_TextareaEditor-28" />
  </div>
</div>
`;
