exports[`TruncatedList-9 1`] = `
<ul
  className="AutoUI_ui_TruncatedList-8">
  <li
    className="AutoUI_ui_TruncatedList-14">
    <img
      alt="Loading..."
      className=""
      src="6f647ce328b13c96401708c6fcbdb237.gif" />
  </li>
  <li
    className="AutoUI_ui_TruncatedList-14">
    <img
      alt="Loading..."
      className=""
      src="6f647ce328b13c96401708c6fcbdb237.gif" />
  </li>
  <li
    className="AutoUI_ui_TruncatedList-14">
    <img
      alt="Loading..."
      className=""
      src="6f647ce328b13c96401708c6fcbdb237.gif" />
  </li>
  <li
    className="AutoUI_ui_TruncatedList-14">
    <img
      alt="Loading..."
      className=""
      src="6f647ce328b13c96401708c6fcbdb237.gif" />
  </li>
  <li
    className="AutoUI_ui_TruncatedList-14">
    <img
      alt="Loading..."
      className=""
      src="6f647ce328b13c96401708c6fcbdb237.gif" />
  </li>
</ul>
`;
