exports[`TruncatedList-3 1`] = `
<ul
  className="AutoUI_ui_TruncatedList-8">
  <li
    className="AutoUI_ui_TruncatedList-13">
    <img
      alt="Loading..."
      className=""
      src="6f647ce328b13c96401708c6fcbdb237.gif" />
  </li>
  <li
    className="AutoUI_ui_TruncatedList-13">
    <img
      alt="Loading..."
      className=""
      src="6f647ce328b13c96401708c6fcbdb237.gif" />
  </li>
  <li
    className="AutoUI_ui_TruncatedList-13">
    <img
      alt="Loading..."
      className=""
      src="6f647ce328b13c96401708c6fcbdb237.gif" />
  </li>
  <li
    className="AutoUI_ui_TruncatedList-13">
    <img
      alt="Loading..."
      className=""
      src="6f647ce328b13c96401708c6fcbdb237.gif" />
  </li>
  <li
    className="AutoUI_ui_TruncatedList-13">
    <img
      alt="Loading..."
      className=""
      src="6f647ce328b13c96401708c6fcbdb237.gif" />
  </li>
  <li
    className="AutoUI_ui_TruncatedList-13 AutoUI_ui_TruncatedList-17">
    <img
      alt="Loading..."
      className=""
      src="6f647ce328b13c96401708c6fcbdb237.gif" />
  </li>
  <li
    className="AutoUI_ui_TruncatedList-13 AutoUI_ui_TruncatedList-17">
    <img
      alt="Loading..."
      className=""
      src="6f647ce328b13c96401708c6fcbdb237.gif" />
  </li>
  <li
    className="AutoUI_ui_TruncatedList-13 AutoUI_ui_TruncatedList-17">
    <img
      alt="Loading..."
      className=""
      src="6f647ce328b13c96401708c6fcbdb237.gif" />
  </li>
  <li
    className="AutoUI_ui_TruncatedList-13 AutoUI_ui_TruncatedList-17">
    <img
      alt="Loading..."
      className=""
      src="6f647ce328b13c96401708c6fcbdb237.gif" />
  </li>
  <li
    className="AutoUI_ui_TruncatedList-13 AutoUI_ui_TruncatedList-17">
    <img
      alt="Loading..."
      className=""
      src="6f647ce328b13c96401708c6fcbdb237.gif" />
  </li>
  <li
    className="AutoUI_ui_TruncatedList-13 AutoUI_ui_TruncatedList-17">
    <img
      alt="Loading..."
      className=""
      src="6f647ce328b13c96401708c6fcbdb237.gif" />
  </li>
  <li
    className="AutoUI_ui_TruncatedList-13 AutoUI_ui_TruncatedList-17">
    <img
      alt="Loading..."
      className=""
      src="6f647ce328b13c96401708c6fcbdb237.gif" />
  </li>
  <li
    className="AutoUI_ui_TruncatedList-13 AutoUI_ui_TruncatedList-17">
    <img
      alt="Loading..."
      className=""
      src="6f647ce328b13c96401708c6fcbdb237.gif" />
  </li>
  <li
    className="AutoUI_ui_TruncatedList-13 AutoUI_ui_TruncatedList-17">
    <img
      alt="Loading..."
      className=""
      src="6f647ce328b13c96401708c6fcbdb237.gif" />
  </li>
  <li
    className="AutoUI_ui_TruncatedList-13 AutoUI_ui_TruncatedList-17">
    <img
      alt="Loading..."
      className=""
      src="6f647ce328b13c96401708c6fcbdb237.gif" />
  </li>
  <li
    className="AutoUI_ui_TruncatedList-13 AutoUI_ui_TruncatedList-17">
    <img
      alt="Loading..."
      className=""
      src="6f647ce328b13c96401708c6fcbdb237.gif" />
  </li>
  <li
    className="AutoUI_ui_TruncatedList-13 AutoUI_ui_TruncatedList-17">
    <img
      alt="Loading..."
      className=""
      src="6f647ce328b13c96401708c6fcbdb237.gif" />
  </li>
  <li
    className="AutoUI_ui_TruncatedList-13 AutoUI_ui_TruncatedList-17">
    <img
      alt="Loading..."
      className=""
      src="6f647ce328b13c96401708c6fcbdb237.gif" />
  </li>
  <li
    className="AutoUI_ui_TruncatedList-13 AutoUI_ui_TruncatedList-17">
    <img
      alt="Loading..."
      className=""
      src="6f647ce328b13c96401708c6fcbdb237.gif" />
  </li>
  <li
    className="AutoUI_ui_TruncatedList-13 AutoUI_ui_TruncatedList-17">
    <img
      alt="Loading..."
      className=""
      src="6f647ce328b13c96401708c6fcbdb237.gif" />
  </li>
  <li
    className="AutoUI_ui_TruncatedList-13 AutoUI_ui_TruncatedList-17">
    <img
      alt="Loading..."
      className=""
      src="6f647ce328b13c96401708c6fcbdb237.gif" />
  </li>
  <li
    className="AutoUI_ui_TruncatedList-13 AutoUI_ui_TruncatedList-17">
    <img
      alt="Loading..."
      className=""
      src="6f647ce328b13c96401708c6fcbdb237.gif" />
  </li>
  <li
    className="AutoUI_ui_TruncatedList-13 AutoUI_ui_TruncatedList-17">
    <img
      alt="Loading..."
      className=""
      src="6f647ce328b13c96401708c6fcbdb237.gif" />
  </li>
  <li
    className="AutoUI_ui_TruncatedList-13 AutoUI_ui_TruncatedList-17">
    <img
      alt="Loading..."
      className=""
      src="6f647ce328b13c96401708c6fcbdb237.gif" />
  </li>
  <li
    className="AutoUI_ui_TruncatedList-13 AutoUI_ui_TruncatedList-17">
    <img
      alt="Loading..."
      className=""
      src="6f647ce328b13c96401708c6fcbdb237.gif" />
  </li>
  <li
    className="AutoUI_ui_TruncatedList-13 AutoUI_ui_TruncatedList-17">
    <img
      alt="Loading..."
      className=""
      src="6f647ce328b13c96401708c6fcbdb237.gif" />
  </li>
  <li
    className="AutoUI_ui_TruncatedList-13 AutoUI_ui_TruncatedList-17">
    <img
      alt="Loading..."
      className=""
      src="6f647ce328b13c96401708c6fcbdb237.gif" />
  </li>
  <li
    className="AutoUI_ui_TruncatedList-13 AutoUI_ui_TruncatedList-17">
    <img
      alt="Loading..."
      className=""
      src="6f647ce328b13c96401708c6fcbdb237.gif" />
  </li>
  <li
    className="AutoUI_ui_TruncatedList-13 AutoUI_ui_TruncatedList-17">
    <img
      alt="Loading..."
      className=""
      src="6f647ce328b13c96401708c6fcbdb237.gif" />
  </li>
  <li
    className="AutoUI_ui_TruncatedList-13 AutoUI_ui_TruncatedList-17">
    <img
      alt="Loading..."
      className=""
      src="6f647ce328b13c96401708c6fcbdb237.gif" />
  </li>
  <button
    className=" AutoUI_ui_Button-88 AutoUI_ui_Button-31 AutoUI_ui_Button-120 AutoUI_ui_Button-139 outlined AutoUI_ui_Button-159 rounded AutoUI_ui_Button-163 raised">
    <span
      className="AutoUI_ui_Button-45 AutoUI_typo-157 AutoUI_typo-53 AutoUI_typo-46">
      +6 more of 30
    </span>
  </button>
</ul>
`;
