exports[`TruncatedList-11 1`] = `
<span>
  <span>
    <img
      alt="Loading..."
      className=""
      src="6f647ce328b13c96401708c6fcbdb237.gif" />
  </span>
  <span>
    <img
      alt="Loading..."
      className=""
      src="6f647ce328b13c96401708c6fcbdb237.gif" />
  </span>
  <span>
    <img
      alt="Loading..."
      className=""
      src="6f647ce328b13c96401708c6fcbdb237.gif" />
  </span>
  <span>
    <img
      alt="Loading..."
      className=""
      src="6f647ce328b13c96401708c6fcbdb237.gif" />
  </span>
  <span>
    <img
      alt="Loading..."
      className=""
      src="6f647ce328b13c96401708c6fcbdb237.gif" />
  </span>
  <span
    className="AutoUI_ui_TruncatedList-8">
    <img
      alt="Loading..."
      className=""
      src="6f647ce328b13c96401708c6fcbdb237.gif" />
  </span>
  <span>
    +1 more
  </span>
</span>
`;
