exports[`VideoPlayer-6 1`] = `
<video
  className="video small"
  controls={true}
  height={320}
  poster="">
  <source
    src="https://files.slack.com/files-pri/T0257R0RP-F7SGYKZ5F/refactor.mp4" />
  Video cannot be played in this browser.
</video>
`;
