exports[`VideoPlayer-5 1`] = `
<video
  className="AutoUI_ui_VideoPlayer-20"
  controls={false}
  height={320}
  poster=""
  width={560}>
  <source
    src="https://files.slack.com/files-pri/T0257R0RP-F7SGYKZ5F/refactor.mp4" />
  Video cannot be played in this browser.
</video>
`;
